// Jest Snapshot v1, https://goo.gl/fbAQLP

exports[`renders buttons 1`] = `
<div
  className="App"
>
  <div
    className="grid-container"
  >
    <div
      className="input input grid-item item-1 answer-field"
    >
      0
    </div>
    <button
      className="grid-item   "
      id="AC"
      name="AC"
      onClick={[Function]}
      type="button"
    >
      AC
    </button>
    <button
      className="grid-item   "
      id="+/-"
      name="+/-"
      onClick={[Function]}
      type="button"
    >
      +/-
    </button>
    <button
      className="grid-item   "
      id="%"
      name="%"
      onClick={[Function]}
      type="button"
    >
      %
    </button>
    <button
      className="grid-item operator  item-operations"
      id="รท"
      name="รท"
      onClick={[Function]}
      type="button"
    >
      รท
    </button>
    <button
      className="grid-item   "
      id="7"
      name="7"
      onClick={[Function]}
      type="button"
    >
      7
    </button>
    <button
      className="grid-item   "
      id="8"
      name="8"
      onClick={[Function]}
      type="button"
    >
      8
    </button>
    <button
      className="grid-item   "
      id="9"
      name="9"
      onClick={[Function]}
      type="button"
    >
      9
    </button>
    <button
      className="grid-item operator  item-operations"
      id="x"
      name="x"
      onClick={[Function]}
      type="button"
    >
      x
    </button>
    <button
      className="grid-item   "
      id="4"
      name="4"
      onClick={[Function]}
      type="button"
    >
      4
    </button>
    <button
      className="grid-item   "
      id="5"
      name="5"
      onClick={[Function]}
      type="button"
    >
      5
    </button>
    <button
      className="grid-item   "
      id="6"
      name="6"
      onClick={[Function]}
      type="button"
    >
      6
    </button>
    <button
      className="grid-item operator  item-operations"
      id="-"
      name="-"
      onClick={[Function]}
      type="button"
    >
      -
    </button>
    <button
      className="grid-item   "
      id="1"
      name="1"
      onClick={[Function]}
      type="button"
    >
      1
    </button>
    <button
      className="grid-item   "
      id="2"
      name="2"
      onClick={[Function]}
      type="button"
    >
      2
    </button>
    <button
      className="grid-item   "
      id="3"
      name="3"
      onClick={[Function]}
      type="button"
    >
      3
    </button>
    <button
      className="grid-item operator  item-operations"
      id="+"
      name="+"
      onClick={[Function]}
      type="button"
    >
      +
    </button>
    <button
      className="grid-item  item-zero "
      id="0"
      name="0"
      onClick={[Function]}
      type="button"
    >
      0
    </button>
    <button
      className="grid-item   "
      id="."
      name="."
      onClick={[Function]}
      type="button"
    >
      .
    </button>
    <button
      className="grid-item operator  item-operations"
      id="="
      name="="
      onClick={[Function]}
      type="button"
    >
      =
    </button>
  </div>
</div>
`;
